// Jest Snapshot v1, https://goo.gl/fbAQLP

exports[`Modal Tests renders correctly 1`] = `
<Modal
  hardwareAccelerated={false}
  onRequestClose={[Function]}
  transparent={true}
  visible={true}
>
  <View
    style={
      Array [
        Object {
          "backgroundColor": "rgba(0,0,0,0)",
          "flex": 1,
        },
      ]
    }
  >
    <View
      accessibilityComponentType={undefined}
      accessibilityLabel={undefined}
      accessibilityTraits={undefined}
      accessible={true}
      collapsable={undefined}
      hitSlop={undefined}
      nativeID={undefined}
      onLayout={undefined}
      onResponderGrant={[Function]}
      onResponderMove={[Function]}
      onResponderRelease={[Function]}
      onResponderTerminate={[Function]}
      onResponderTerminationRequest={[Function]}
      onStartShouldSetResponder={[Function]}
      style={
        Object {
          "bottom": 0,
          "left": 0,
          "opacity": 1,
          "position": "absolute",
          "right": 0,
          "top": 0,
        }
      }
      testID={undefined}
    >
      <View
        style={
          Array [
            Object {
              "bottom": 0,
              "left": 0,
              "position": "absolute",
              "right": 0,
              "top": 0,
            },
            Object {
              "backgroundColor": "black",
              "opacity": 0.5,
            },
          ]
        }
      />
    </View>
    <View
      collapsable={undefined}
      style={
        Object {
          "backgroundColor": "white",
          "opacity": 1,
          "transform": Array [
            Object {
              "scale": 1,
            },
          ],
        }
      }
    >
      <View>
        <Text
          accessible={true}
          allowFontScaling={true}
          disabled={false}
          ellipsizeMode="tail"
        >
          简单模态框
        </Text>
      </View>
    </View>
  </View>
</Modal>
`;
