// Jest Snapshot v1, https://goo.gl/fbAQLP

exports[`Input Tests renders correctly 1`] = `
<View
  style={
    Array [
      Object {
        "alignItems": "stretch",
        "borderBottomColor": "#999",
        "borderBottomWidth": 0.5,
        "flexDirection": "row",
        "height": 48,
        "marginBottom": 0,
        "marginLeft": 10,
        "marginTop": 0,
        "paddingRight": 10,
      },
      Object {
        "borderBottomWidth": 0.5,
      },
    ]
  }
>
  <Text
    style={
      Object {
        "alignSelf": "center",
        "color": "#333",
        "fontSize": 14,
        "marginRight": 5,
        "textAlignVertical": "center",
        "width": 60,
      }
    }
  >
    label
  </Text>
  <TextInput
    allowFontScaling={true}
    clearButtonMode="never"
    defaultValue=""
    editable={true}
    keyboardType="default"
    onBlur={[Function]}
    onChange={[Function]}
    onFocus={[Function]}
    placeholder="placeholder"
    secureTextEntry={false}
    style={
      Array [
        Object {
          "backgroundColor": "#FFF",
          "flex": 1,
          "fontSize": 14,
          "includeFontPadding": false,
          "textAlignVertical": "center",
        },
        Object {},
      ]
    }
    underlineColorAndroid="transparent"
  />
</View>
`;
