// Jest Snapshot v1, https://goo.gl/fbAQLP

exports[`Carousel Tests renders correctly 1`] = `
<View
  style={
    Array [
      Object {},
      Object {
        "height": 360,
        "width": 750,
      },
    ]
  }
>
  <RCTScrollView
    alwaysBounceHorizontal={false}
    alwaysBounceVertical={false}
    automaticallyAdjustContentInsets={false}
    bounces={false}
    contentContainerStyle={
      Array [
        Object {
          "position": "relative",
        },
        Object {
          "height": 360,
          "width": 750,
        },
      ]
    }
    contentInset={
      Object {
        "top": 0,
      }
    }
    horizontal={true}
    onLayout={[Function]}
    onMomentumScrollEnd={[Function]}
    onScroll={[Function]}
    onScrollBeginDrag={[Function]}
    onScrollEndDrag={[Function]}
    pagingEnabled={true}
    scrollEventThrottle={16}
    showsHorizontalScrollIndicator={false}
    showsVerticalScrollIndicator={false}
  >
    <View>
      <View
        accessible={true}
        onResponderGrant={[Function]}
        onResponderMove={[Function]}
        onResponderRelease={[Function]}
        onResponderTerminate={[Function]}
        onResponderTerminationRequest={[Function]}
        onStartShouldSetResponder={[Function]}
      />
    </View>
  </RCTScrollView>
</View>
`;
