// Jest Snapshot v1, https://goo.gl/fbAQLP

exports[`ActivityIndicator Tests renders correctly 1`] = `
<View
  style={
    Object {
      "alignItems": "center",
      "flexDirection": "row",
      "justifyContent": "center",
    }
  }
>
  <ActivityIndicator
    animating={true}
    color="#999"
    hidesWhenStopped={true}
    size="small"
  />
</View>
`;
