// Jest Snapshot v1, https://goo.gl/fbAQLP

exports[`Picker Tests renders correctly 1`] = `
<Modal
  hardwareAccelerated={false}
  onRequestClose={[Function]}
  transparent={true}
  visible={true}
>
  <View
    style={
      Array [
        Object {
          "backgroundColor": "rgba(0,0,0,0)",
          "flex": 1,
          "justifyContent": "flex-end",
        },
      ]
    }
  >
    <View
      accessibilityComponentType={undefined}
      accessibilityLabel={undefined}
      accessibilityTraits={undefined}
      accessible={true}
      collapsable={undefined}
      hitSlop={undefined}
      nativeID={undefined}
      onLayout={undefined}
      onResponderGrant={[Function]}
      onResponderMove={[Function]}
      onResponderRelease={[Function]}
      onResponderTerminate={[Function]}
      onResponderTerminationRequest={[Function]}
      onStartShouldSetResponder={[Function]}
      style={
        Object {
          "bottom": 0,
          "left": 0,
          "opacity": 1,
          "position": "absolute",
          "right": 0,
          "top": 0,
        }
      }
      testID={undefined}
    >
      <View
        style={
          Array [
            Object {
              "bottom": 0,
              "left": 0,
              "position": "absolute",
              "right": 0,
              "top": 0,
            },
            Object {
              "backgroundColor": "black",
              "opacity": 0.5,
            },
          ]
        }
      />
    </View>
    <View
      collapsable={undefined}
      style={
        Object {
          "backgroundColor": "white",
          "transform": Array [
            Object {
              "translateY": 0,
            },
          ],
        }
      }
    >
      <View
        style={
          Array [
            Object {},
            false,
          ]
        }
      >
        <View
          style={
            Object {
              "alignItems": "center",
              "borderBottomColor": "#ccc",
              "borderBottomWidth": 1,
              "flex": 0,
              "flexDirection": "row",
              "height": 40,
              "justifyContent": "space-between",
            }
          }
        >
          <View
            accessibilityComponentType={undefined}
            accessibilityLabel={undefined}
            accessibilityTraits={undefined}
            accessible={true}
            collapsable={undefined}
            hitSlop={undefined}
            isTVSelectable={true}
            nativeID={undefined}
            onLayout={undefined}
            onResponderGrant={[Function]}
            onResponderMove={[Function]}
            onResponderRelease={[Function]}
            onResponderTerminate={[Function]}
            onResponderTerminationRequest={[Function]}
            onStartShouldSetResponder={[Function]}
            style={
              Object {
                "alignItems": "flex-start",
                "justifyContent": "center",
                "opacity": 1,
                "paddingHorizontal": 20,
                "paddingVertical": 10,
              }
            }
            testID={undefined}
            tvParallaxProperties={undefined}
          >
            <Text
              accessible={true}
              allowFontScaling={true}
              disabled={false}
              ellipsizeMode="tail"
              style={
                Array [
                  Object {
                    "color": "#108ee9",
                    "fontSize": 16,
                  },
                  Object {},
                ]
              }
            >
              取消
            </Text>
          </View>
          <Text
            accessible={true}
            allowFontScaling={true}
            disabled={false}
            ellipsizeMode="tail"
            style={
              Object {
                "color": "#333",
                "fontSize": 16,
                "textAlign": "center",
              }
            }
          >
            请选择
          </Text>
          <View
            accessibilityComponentType={undefined}
            accessibilityLabel={undefined}
            accessibilityTraits={undefined}
            accessible={true}
            collapsable={undefined}
            hitSlop={undefined}
            isTVSelectable={true}
            nativeID={undefined}
            onLayout={undefined}
            onResponderGrant={[Function]}
            onResponderMove={[Function]}
            onResponderRelease={[Function]}
            onResponderTerminate={[Function]}
            onResponderTerminationRequest={[Function]}
            onStartShouldSetResponder={[Function]}
            style={
              Object {
                "alignItems": "flex-end",
                "justifyContent": "center",
                "opacity": 1,
                "paddingHorizontal": 20,
                "paddingVertical": 10,
              }
            }
            testID={undefined}
            tvParallaxProperties={undefined}
          >
            <Text
              accessible={true}
              allowFontScaling={true}
              disabled={false}
              ellipsizeMode="tail"
              style={
                Array [
                  Object {
                    "color": "#108ee9",
                    "fontSize": 16,
                  },
                  Object {},
                ]
              }
            >
              确定
            </Text>
          </View>
        </View>
        <View
          style={
            Array [
              Object {
                "backgroundColor": "#fff",
                "flexDirection": "row",
              },
            ]
          }
        >
          <View
            style={
              Object {
                "flex": 1,
                "justifyContent": "flex-start",
              }
            }
          >
            <RCTPicker
              items={
                Array [
                  Object {
                    "label": "item1",
                    "textColor": undefined,
                    "value": "1",
                  },
                  Object {
                    "label": "item2",
                    "textColor": undefined,
                    "value": "2",
                  },
                  Object {
                    "label": "item3",
                    "textColor": undefined,
                    "value": "3",
                  },
                  Object {
                    "label": "item4",
                    "textColor": undefined,
                    "value": "4",
                  },
                  Object {
                    "label": "item5",
                    "textColor": undefined,
                    "value": "5",
                  },
                ]
              }
              onChange={[Function]}
              onResponderTerminationRequest={[Function]}
              onStartShouldSetResponder={[Function]}
              selectedIndex={0}
              style={
                Array [
                  Object {
                    "height": 216,
                  },
                  undefined,
                ]
              }
            />
          </View>
        </View>
      </View>
    </View>
  </View>
</Modal>
`;
