// Jest Snapshot v1, https://goo.gl/fbAQLP

exports[`PopMenu Tests renders correctly 1`] = `
<View
  style={Object {}}
>
  <View
    accessible={true}
    onResponderGrant={[Function]}
    onResponderMove={[Function]}
    onResponderRelease={[Function]}
    onResponderTerminate={[Function]}
    onResponderTerminationRequest={[Function]}
    onStartShouldSetResponder={[Function]}
    style={Object {}}
  >
    <Text
      style={Object {}}
    >
      点我显示 popover 哦
    </Text>
  </View>
</View>
`;
