// Jest Snapshot v1, https://goo.gl/fbAQLP

exports[`PopMenu Tests renders correctly 1`] = `
<View
  onLayout={[Function]}
  style={Object {}}
>
  <View
    accessibilityComponentType={undefined}
    accessibilityLabel={undefined}
    accessibilityTraits={undefined}
    accessible={true}
    hitSlop={undefined}
    nativeID={undefined}
    onLayout={undefined}
    onResponderGrant={[Function]}
    onResponderMove={[Function]}
    onResponderRelease={[Function]}
    onResponderTerminate={[Function]}
    onResponderTerminationRequest={[Function]}
    onStartShouldSetResponder={[Function]}
    style={Object {}}
    testID={undefined}
  >
    <Text
      accessible={true}
      allowFontScaling={true}
      disabled={false}
      ellipsizeMode="tail"
      style={Object {}}
    >
      点我显示 popover 哦
    </Text>
  </View>
</View>
`;
