// Jest Snapshot v1, https://goo.gl/fbAQLP

exports[`Radio item renders correctly 1`] = `
<View
  accessible={true}
  onResponderGrant={[Function]}
  onResponderMove={[Function]}
  onResponderRelease={[Function]}
  onResponderTerminate={[Function]}
  onResponderTerminationRequest={[Function]}
  onStartShouldSetResponder={[Function]}
  style={
    Object {
      "alignItems": "center",
      "flexDirection": "row",
    }
  }
>
  <Text
    style={
      Array [
        Object {
          "color": "#333",
          "fontSize": 16,
          "fontStyle": "normal",
          "fontWeight": "normal",
        },
        Array [
          Object {
            "color": "#333",
            "fontSize": 16,
            "paddingRight": 0,
            "width": 20,
          },
          null,
          null,
        ],
        Object {},
        Object {
          "fontFamily": "FontAwesome",
        },
      ]
    }
  >
    
  </Text>
</View>
`;
