// Jest Snapshot v1, https://goo.gl/fbAQLP

exports[`Calendar Tests renders correctly 1`] = `
<View
  style={
    Object {
      "backgroundColor": "#fff",
      "paddingBottom": 20,
    }
  }
>
  <View>
    <View
      style={
        Object {
          "alignItems": "center",
          "alignSelf": "center",
          "backgroundColor": "transparent",
          "flexDirection": "row",
          "marginBottom": 20,
          "padding": 10,
          "paddingBottom": 6,
        }
      }
    >
      <View
        style={
          Object {
            "width": 160,
          }
        }
      >
        <View
          accessible={true}
          isTVSelectable={true}
          onResponderGrant={[Function]}
          onResponderMove={[Function]}
          onResponderRelease={[Function]}
          onResponderTerminate={[Function]}
          onResponderTerminationRequest={[Function]}
          onStartShouldSetResponder={[Function]}
          style={
            Object {
              "opacity": 1,
            }
          }
        >
          <Text
            style={
              Array [
                Object {
                  "color": "#1188e9",
                  "fontSize": 28,
                  "textAlign": "left",
                },
              ]
            }
          >
            &lt;
          </Text>
        </View>
      </View>
      <View
        accessible={true}
        isTVSelectable={true}
        onResponderGrant={[Function]}
        onResponderMove={[Function]}
        onResponderRelease={[Function]}
        onResponderTerminate={[Function]}
        onResponderTerminationRequest={[Function]}
        onStartShouldSetResponder={[Function]}
        style={
          Object {
            "opacity": 1,
          }
        }
      >
        <Text
          style={
            Array [
              Object {
                "color": "#1188e9",
                "fontSize": 32,
                "textAlign": "center",
                "width": 360,
              },
            ]
          }
        >
          2017
          年
          12月
        </Text>
      </View>
      <View
        style={
          Object {
            "width": 160,
          }
        }
      >
        <View
          accessible={true}
          isTVSelectable={true}
          onResponderGrant={[Function]}
          onResponderMove={[Function]}
          onResponderRelease={[Function]}
          onResponderTerminate={[Function]}
          onResponderTerminationRequest={[Function]}
          onStartShouldSetResponder={[Function]}
          style={
            Object {
              "opacity": 1,
            }
          }
        >
          <Text
            style={
              Array [
                Object {
                  "color": "#1188e9",
                  "fontSize": 28,
                  "textAlign": "right",
                },
              ]
            }
          >
            &gt;
          </Text>
        </View>
      </View>
    </View>
  </View>
  <View
    style={
      Object {
        "alignSelf": "center",
        "borderBottomColor": "#e6e6e6",
        "borderBottomWidth": 0.8,
        "flexDirection": "row",
        "marginBottom": 20,
        "paddingBottom": 20,
        "paddingTop": 20,
      }
    }
  >
    <Text
      style={
        Array [
          Object {
            "color": "#000",
            "fontSize": 24,
            "textAlign": "center",
            "width": 100,
          },
          Object {
            "color": "#666",
          },
        ]
      }
    >
      周日
    </Text>
    <Text
      style={
        Array [
          Object {
            "color": "#000",
            "fontSize": 24,
            "textAlign": "center",
            "width": 100,
          },
        ]
      }
    >
      周一
    </Text>
    <Text
      style={
        Array [
          Object {
            "color": "#000",
            "fontSize": 24,
            "textAlign": "center",
            "width": 100,
          },
        ]
      }
    >
      周二
    </Text>
    <Text
      style={
        Array [
          Object {
            "color": "#000",
            "fontSize": 24,
            "textAlign": "center",
            "width": 100,
          },
        ]
      }
    >
      周三
    </Text>
    <Text
      style={
        Array [
          Object {
            "color": "#000",
            "fontSize": 24,
            "textAlign": "center",
            "width": 100,
          },
        ]
      }
    >
      周四
    </Text>
    <Text
      style={
        Array [
          Object {
            "color": "#000",
            "fontSize": 24,
            "textAlign": "center",
            "width": 100,
          },
        ]
      }
    >
      周五
    </Text>
    <Text
      style={
        Array [
          Object {
            "color": "#000",
            "fontSize": 24,
            "textAlign": "center",
            "width": 100,
          },
          Object {
            "color": "#666",
          },
        ]
      }
    >
      周六
    </Text>
  </View>
  <View
    style={
      Object {
        "alignItems": "center",
      }
    }
  >
    <View
      style={
        Object {
          "flexDirection": "row",
        }
      }
    >
      <View
        style={
          Object {
            "alignItems": "center",
            "flexDirection": "column",
            "height": 100,
            "justifyContent": "flex-start",
            "width": 100,
          }
        }
      >
        <View
          accessible={true}
          isTVSelectable={true}
          onResponderGrant={[Function]}
          onResponderMove={[Function]}
          onResponderRelease={[Function]}
          onResponderTerminate={[Function]}
          onResponderTerminationRequest={[Function]}
          onStartShouldSetResponder={[Function]}
          style={
            Object {
              "opacity": 1,
            }
          }
        >
          <View
            style={
              Array [
                Object {
                  "alignItems": "center",
                  "borderColor": "#fff",
                  "borderRadius": 30,
                  "borderWidth": 1,
                  "flexDirection": "row",
                  "height": 60,
                  "justifyContent": "center",
                  "width": 60,
                },
                false,
                false,
              ]
            }
          >
            <Text
              style={
                Array [
                  Object {
                    "backgroundColor": "transparent",
                    "color": "#000",
                    "fontSize": 28,
                    "fontWeight": "600",
                  },
                  Object {
                    "color": "#666",
                  },
                  false,
                  false,
                ]
              }
            >
              26
            </Text>
          </View>
        </View>
      </View>
      <View
        style={
          Object {
            "alignItems": "center",
            "flexDirection": "column",
            "height": 100,
            "justifyContent": "flex-start",
            "width": 100,
          }
        }
      >
        <View
          accessible={true}
          isTVSelectable={true}
          onResponderGrant={[Function]}
          onResponderMove={[Function]}
          onResponderRelease={[Function]}
          onResponderTerminate={[Function]}
          onResponderTerminationRequest={[Function]}
          onStartShouldSetResponder={[Function]}
          style={
            Object {
              "opacity": 1,
            }
          }
        >
          <View
            style={
              Array [
                Object {
                  "alignItems": "center",
                  "borderColor": "#fff",
                  "borderRadius": 30,
                  "borderWidth": 1,
                  "flexDirection": "row",
                  "height": 60,
                  "justifyContent": "center",
                  "width": 60,
                },
                false,
                false,
              ]
            }
          >
            <Text
              style={
                Array [
                  Object {
                    "backgroundColor": "transparent",
                    "color": "#000",
                    "fontSize": 28,
                    "fontWeight": "600",
                  },
                  Object {
                    "color": "#666",
                  },
                  false,
                  false,
                ]
              }
            >
              27
            </Text>
          </View>
        </View>
      </View>
      <View
        style={
          Object {
            "alignItems": "center",
            "flexDirection": "column",
            "height": 100,
            "justifyContent": "flex-start",
            "width": 100,
          }
        }
      >
        <View
          accessible={true}
          isTVSelectable={true}
          onResponderGrant={[Function]}
          onResponderMove={[Function]}
          onResponderRelease={[Function]}
          onResponderTerminate={[Function]}
          onResponderTerminationRequest={[Function]}
          onStartShouldSetResponder={[Function]}
          style={
            Object {
              "opacity": 1,
            }
          }
        >
          <View
            style={
              Array [
                Object {
                  "alignItems": "center",
                  "borderColor": "#fff",
                  "borderRadius": 30,
                  "borderWidth": 1,
                  "flexDirection": "row",
                  "height": 60,
                  "justifyContent": "center",
                  "width": 60,
                },
                false,
                false,
              ]
            }
          >
            <Text
              style={
                Array [
                  Object {
                    "backgroundColor": "transparent",
                    "color": "#000",
                    "fontSize": 28,
                    "fontWeight": "600",
                  },
                  Object {
                    "color": "#666",
                  },
                  false,
                  false,
                ]
              }
            >
              28
            </Text>
          </View>
        </View>
      </View>
      <View
        style={
          Object {
            "alignItems": "center",
            "flexDirection": "column",
            "height": 100,
            "justifyContent": "flex-start",
            "width": 100,
          }
        }
      >
        <View
          accessible={true}
          isTVSelectable={true}
          onResponderGrant={[Function]}
          onResponderMove={[Function]}
          onResponderRelease={[Function]}
          onResponderTerminate={[Function]}
          onResponderTerminationRequest={[Function]}
          onStartShouldSetResponder={[Function]}
          style={
            Object {
              "opacity": 1,
            }
          }
        >
          <View
            style={
              Array [
                Object {
                  "alignItems": "center",
                  "borderColor": "#fff",
                  "borderRadius": 30,
                  "borderWidth": 1,
                  "flexDirection": "row",
                  "height": 60,
                  "justifyContent": "center",
                  "width": 60,
                },
                false,
                false,
              ]
            }
          >
            <Text
              style={
                Array [
                  Object {
                    "backgroundColor": "transparent",
                    "color": "#000",
                    "fontSize": 28,
                    "fontWeight": "600",
                  },
                  Object {
                    "color": "#666",
                  },
                  false,
                  false,
                ]
              }
            >
              29
            </Text>
          </View>
        </View>
      </View>
      <View
        style={
          Object {
            "alignItems": "center",
            "flexDirection": "column",
            "height": 100,
            "justifyContent": "flex-start",
            "width": 100,
          }
        }
      >
        <View
          accessible={true}
          isTVSelectable={true}
          onResponderGrant={[Function]}
          onResponderMove={[Function]}
          onResponderRelease={[Function]}
          onResponderTerminate={[Function]}
          onResponderTerminationRequest={[Function]}
          onStartShouldSetResponder={[Function]}
          style={
            Object {
              "opacity": 1,
            }
          }
        >
          <View
            style={
              Array [
                Object {
                  "alignItems": "center",
                  "borderColor": "#fff",
                  "borderRadius": 30,
                  "borderWidth": 1,
                  "flexDirection": "row",
                  "height": 60,
                  "justifyContent": "center",
                  "width": 60,
                },
                false,
                false,
              ]
            }
          >
            <Text
              style={
                Array [
                  Object {
                    "backgroundColor": "transparent",
                    "color": "#000",
                    "fontSize": 28,
                    "fontWeight": "600",
                  },
                  Object {
                    "color": "#666",
                  },
                  false,
                  false,
                ]
              }
            >
              30
            </Text>
          </View>
        </View>
      </View>
      <View
        style={
          Object {
            "alignItems": "center",
            "flexDirection": "column",
            "height": 100,
            "justifyContent": "flex-start",
            "width": 100,
          }
        }
      >
        <View
          accessible={true}
          isTVSelectable={true}
          onResponderGrant={[Function]}
          onResponderMove={[Function]}
          onResponderRelease={[Function]}
          onResponderTerminate={[Function]}
          onResponderTerminationRequest={[Function]}
          onStartShouldSetResponder={[Function]}
          style={
            Object {
              "opacity": 1,
            }
          }
        >
          <View
            style={
              Array [
                Object {
                  "alignItems": "center",
                  "borderColor": "#fff",
                  "borderRadius": 30,
                  "borderWidth": 1,
                  "flexDirection": "row",
                  "height": 60,
                  "justifyContent": "center",
                  "width": 60,
                },
                false,
                false,
              ]
            }
          >
            <Text
              style={
                Array [
                  Object {
                    "backgroundColor": "transparent",
                    "color": "#000",
                    "fontSize": 28,
                    "fontWeight": "600",
                  },
                  Object {},
                  false,
                  false,
                ]
              }
            >
              1
            </Text>
          </View>
        </View>
      </View>
      <View
        style={
          Object {
            "alignItems": "center",
            "flexDirection": "column",
            "height": 100,
            "justifyContent": "flex-start",
            "width": 100,
          }
        }
      >
        <View
          accessible={true}
          isTVSelectable={true}
          onResponderGrant={[Function]}
          onResponderMove={[Function]}
          onResponderRelease={[Function]}
          onResponderTerminate={[Function]}
          onResponderTerminationRequest={[Function]}
          onStartShouldSetResponder={[Function]}
          style={
            Object {
              "opacity": 1,
            }
          }
        >
          <View
            style={
              Array [
                Object {
                  "alignItems": "center",
                  "borderColor": "#fff",
                  "borderRadius": 30,
                  "borderWidth": 1,
                  "flexDirection": "row",
                  "height": 60,
                  "justifyContent": "center",
                  "width": 60,
                },
                false,
                false,
              ]
            }
          >
            <Text
              style={
                Array [
                  Object {
                    "backgroundColor": "transparent",
                    "color": "#000",
                    "fontSize": 28,
                    "fontWeight": "600",
                  },
                  Object {
                    "color": "#666",
                  },
                  false,
                  false,
                ]
              }
            >
              2
            </Text>
          </View>
        </View>
      </View>
    </View>
    <View
      style={
        Object {
          "flexDirection": "row",
        }
      }
    >
      <View
        style={
          Object {
            "alignItems": "center",
            "flexDirection": "column",
            "height": 100,
            "justifyContent": "flex-start",
            "width": 100,
          }
        }
      >
        <View
          accessible={true}
          isTVSelectable={true}
          onResponderGrant={[Function]}
          onResponderMove={[Function]}
          onResponderRelease={[Function]}
          onResponderTerminate={[Function]}
          onResponderTerminationRequest={[Function]}
          onStartShouldSetResponder={[Function]}
          style={
            Object {
              "opacity": 1,
            }
          }
        >
          <View
            style={
              Array [
                Object {
                  "alignItems": "center",
                  "borderColor": "#fff",
                  "borderRadius": 30,
                  "borderWidth": 1,
                  "flexDirection": "row",
                  "height": 60,
                  "justifyContent": "center",
                  "width": 60,
                },
                false,
                false,
              ]
            }
          >
            <Text
              style={
                Array [
                  Object {
                    "backgroundColor": "transparent",
                    "color": "#000",
                    "fontSize": 28,
                    "fontWeight": "600",
                  },
                  Object {
                    "color": "#666",
                  },
                  false,
                  false,
                ]
              }
            >
              3
            </Text>
          </View>
        </View>
      </View>
      <View
        style={
          Object {
            "alignItems": "center",
            "flexDirection": "column",
            "height": 100,
            "justifyContent": "flex-start",
            "width": 100,
          }
        }
      >
        <View
          accessible={true}
          isTVSelectable={true}
          onResponderGrant={[Function]}
          onResponderMove={[Function]}
          onResponderRelease={[Function]}
          onResponderTerminate={[Function]}
          onResponderTerminationRequest={[Function]}
          onStartShouldSetResponder={[Function]}
          style={
            Object {
              "opacity": 1,
            }
          }
        >
          <View
            style={
              Array [
                Object {
                  "alignItems": "center",
                  "borderColor": "#fff",
                  "borderRadius": 30,
                  "borderWidth": 1,
                  "flexDirection": "row",
                  "height": 60,
                  "justifyContent": "center",
                  "width": 60,
                },
                false,
                false,
              ]
            }
          >
            <Text
              style={
                Array [
                  Object {
                    "backgroundColor": "transparent",
                    "color": "#000",
                    "fontSize": 28,
                    "fontWeight": "600",
                  },
                  Object {},
                  false,
                  false,
                ]
              }
            >
              4
            </Text>
          </View>
        </View>
      </View>
      <View
        style={
          Object {
            "alignItems": "center",
            "flexDirection": "column",
            "height": 100,
            "justifyContent": "flex-start",
            "width": 100,
          }
        }
      >
        <View
          accessible={true}
          isTVSelectable={true}
          onResponderGrant={[Function]}
          onResponderMove={[Function]}
          onResponderRelease={[Function]}
          onResponderTerminate={[Function]}
          onResponderTerminationRequest={[Function]}
          onStartShouldSetResponder={[Function]}
          style={
            Object {
              "opacity": 1,
            }
          }
        >
          <View
            style={
              Array [
                Object {
                  "alignItems": "center",
                  "borderColor": "#fff",
                  "borderRadius": 30,
                  "borderWidth": 1,
                  "flexDirection": "row",
                  "height": 60,
                  "justifyContent": "center",
                  "width": 60,
                },
                false,
                false,
              ]
            }
          >
            <Text
              style={
                Array [
                  Object {
                    "backgroundColor": "transparent",
                    "color": "#000",
                    "fontSize": 28,
                    "fontWeight": "600",
                  },
                  Object {},
                  false,
                  false,
                ]
              }
            >
              5
            </Text>
          </View>
        </View>
      </View>
      <View
        style={
          Object {
            "alignItems": "center",
            "flexDirection": "column",
            "height": 100,
            "justifyContent": "flex-start",
            "width": 100,
          }
        }
      >
        <View
          accessible={true}
          isTVSelectable={true}
          onResponderGrant={[Function]}
          onResponderMove={[Function]}
          onResponderRelease={[Function]}
          onResponderTerminate={[Function]}
          onResponderTerminationRequest={[Function]}
          onStartShouldSetResponder={[Function]}
          style={
            Object {
              "opacity": 1,
            }
          }
        >
          <View
            style={
              Array [
                Object {
                  "alignItems": "center",
                  "borderColor": "#fff",
                  "borderRadius": 30,
                  "borderWidth": 1,
                  "flexDirection": "row",
                  "height": 60,
                  "justifyContent": "center",
                  "width": 60,
                },
                false,
                false,
              ]
            }
          >
            <Text
              style={
                Array [
                  Object {
                    "backgroundColor": "transparent",
                    "color": "#000",
                    "fontSize": 28,
                    "fontWeight": "600",
                  },
                  Object {},
                  false,
                  false,
                ]
              }
            >
              6
            </Text>
          </View>
        </View>
      </View>
      <View
        style={
          Object {
            "alignItems": "center",
            "flexDirection": "column",
            "height": 100,
            "justifyContent": "flex-start",
            "width": 100,
          }
        }
      >
        <View
          accessible={true}
          isTVSelectable={true}
          onResponderGrant={[Function]}
          onResponderMove={[Function]}
          onResponderRelease={[Function]}
          onResponderTerminate={[Function]}
          onResponderTerminationRequest={[Function]}
          onStartShouldSetResponder={[Function]}
          style={
            Object {
              "opacity": 1,
            }
          }
        >
          <View
            style={
              Array [
                Object {
                  "alignItems": "center",
                  "borderColor": "#fff",
                  "borderRadius": 30,
                  "borderWidth": 1,
                  "flexDirection": "row",
                  "height": 60,
                  "justifyContent": "center",
                  "width": 60,
                },
                false,
                false,
              ]
            }
          >
            <Text
              style={
                Array [
                  Object {
                    "backgroundColor": "transparent",
                    "color": "#000",
                    "fontSize": 28,
                    "fontWeight": "600",
                  },
                  Object {},
                  false,
                  false,
                ]
              }
            >
              7
            </Text>
          </View>
        </View>
      </View>
      <View
        style={
          Object {
            "alignItems": "center",
            "flexDirection": "column",
            "height": 100,
            "justifyContent": "flex-start",
            "width": 100,
          }
        }
      >
        <View
          accessible={true}
          isTVSelectable={true}
          onResponderGrant={[Function]}
          onResponderMove={[Function]}
          onResponderRelease={[Function]}
          onResponderTerminate={[Function]}
          onResponderTerminationRequest={[Function]}
          onStartShouldSetResponder={[Function]}
          style={
            Object {
              "opacity": 1,
            }
          }
        >
          <View
            style={
              Array [
                Object {
                  "alignItems": "center",
                  "borderColor": "#fff",
                  "borderRadius": 30,
                  "borderWidth": 1,
                  "flexDirection": "row",
                  "height": 60,
                  "justifyContent": "center",
                  "width": 60,
                },
                false,
                false,
              ]
            }
          >
            <Text
              style={
                Array [
                  Object {
                    "backgroundColor": "transparent",
                    "color": "#000",
                    "fontSize": 28,
                    "fontWeight": "600",
                  },
                  Object {},
                  false,
                  false,
                ]
              }
            >
              8
            </Text>
          </View>
        </View>
      </View>
      <View
        style={
          Object {
            "alignItems": "center",
            "flexDirection": "column",
            "height": 100,
            "justifyContent": "flex-start",
            "width": 100,
          }
        }
      >
        <View
          accessible={true}
          isTVSelectable={true}
          onResponderGrant={[Function]}
          onResponderMove={[Function]}
          onResponderRelease={[Function]}
          onResponderTerminate={[Function]}
          onResponderTerminationRequest={[Function]}
          onStartShouldSetResponder={[Function]}
          style={
            Object {
              "opacity": 1,
            }
          }
        >
          <View
            style={
              Array [
                Object {
                  "alignItems": "center",
                  "borderColor": "#fff",
                  "borderRadius": 30,
                  "borderWidth": 1,
                  "flexDirection": "row",
                  "height": 60,
                  "justifyContent": "center",
                  "width": 60,
                },
                false,
                false,
              ]
            }
          >
            <Text
              style={
                Array [
                  Object {
                    "backgroundColor": "transparent",
                    "color": "#000",
                    "fontSize": 28,
                    "fontWeight": "600",
                  },
                  Object {
                    "color": "#666",
                  },
                  false,
                  false,
                ]
              }
            >
              9
            </Text>
          </View>
        </View>
      </View>
    </View>
    <View
      style={
        Object {
          "flexDirection": "row",
        }
      }
    >
      <View
        style={
          Object {
            "alignItems": "center",
            "flexDirection": "column",
            "height": 100,
            "justifyContent": "flex-start",
            "width": 100,
          }
        }
      >
        <View
          accessible={true}
          isTVSelectable={true}
          onResponderGrant={[Function]}
          onResponderMove={[Function]}
          onResponderRelease={[Function]}
          onResponderTerminate={[Function]}
          onResponderTerminationRequest={[Function]}
          onStartShouldSetResponder={[Function]}
          style={
            Object {
              "opacity": 1,
            }
          }
        >
          <View
            style={
              Array [
                Object {
                  "alignItems": "center",
                  "borderColor": "#fff",
                  "borderRadius": 30,
                  "borderWidth": 1,
                  "flexDirection": "row",
                  "height": 60,
                  "justifyContent": "center",
                  "width": 60,
                },
                false,
                false,
              ]
            }
          >
            <Text
              style={
                Array [
                  Object {
                    "backgroundColor": "transparent",
                    "color": "#000",
                    "fontSize": 28,
                    "fontWeight": "600",
                  },
                  Object {
                    "color": "#666",
                  },
                  false,
                  false,
                ]
              }
            >
              10
            </Text>
          </View>
        </View>
      </View>
      <View
        style={
          Object {
            "alignItems": "center",
            "flexDirection": "column",
            "height": 100,
            "justifyContent": "flex-start",
            "width": 100,
          }
        }
      >
        <View
          accessible={true}
          isTVSelectable={true}
          onResponderGrant={[Function]}
          onResponderMove={[Function]}
          onResponderRelease={[Function]}
          onResponderTerminate={[Function]}
          onResponderTerminationRequest={[Function]}
          onStartShouldSetResponder={[Function]}
          style={
            Object {
              "opacity": 1,
            }
          }
        >
          <View
            style={
              Array [
                Object {
                  "alignItems": "center",
                  "borderColor": "#fff",
                  "borderRadius": 30,
                  "borderWidth": 1,
                  "flexDirection": "row",
                  "height": 60,
                  "justifyContent": "center",
                  "width": 60,
                },
                false,
                false,
              ]
            }
          >
            <Text
              style={
                Array [
                  Object {
                    "backgroundColor": "transparent",
                    "color": "#000",
                    "fontSize": 28,
                    "fontWeight": "600",
                  },
                  Object {},
                  false,
                  false,
                ]
              }
            >
              11
            </Text>
          </View>
        </View>
      </View>
      <View
        style={
          Object {
            "alignItems": "center",
            "flexDirection": "column",
            "height": 100,
            "justifyContent": "flex-start",
            "width": 100,
          }
        }
      >
        <View
          accessible={true}
          isTVSelectable={true}
          onResponderGrant={[Function]}
          onResponderMove={[Function]}
          onResponderRelease={[Function]}
          onResponderTerminate={[Function]}
          onResponderTerminationRequest={[Function]}
          onStartShouldSetResponder={[Function]}
          style={
            Object {
              "opacity": 1,
            }
          }
        >
          <View
            style={
              Array [
                Object {
                  "alignItems": "center",
                  "borderColor": "#fff",
                  "borderRadius": 30,
                  "borderWidth": 1,
                  "flexDirection": "row",
                  "height": 60,
                  "justifyContent": "center",
                  "width": 60,
                },
                false,
                false,
              ]
            }
          >
            <Text
              style={
                Array [
                  Object {
                    "backgroundColor": "transparent",
                    "color": "#000",
                    "fontSize": 28,
                    "fontWeight": "600",
                  },
                  Object {},
                  false,
                  false,
                ]
              }
            >
              12
            </Text>
          </View>
        </View>
      </View>
      <View
        style={
          Object {
            "alignItems": "center",
            "flexDirection": "column",
            "height": 100,
            "justifyContent": "flex-start",
            "width": 100,
          }
        }
      >
        <View
          accessible={true}
          isTVSelectable={true}
          onResponderGrant={[Function]}
          onResponderMove={[Function]}
          onResponderRelease={[Function]}
          onResponderTerminate={[Function]}
          onResponderTerminationRequest={[Function]}
          onStartShouldSetResponder={[Function]}
          style={
            Object {
              "opacity": 1,
            }
          }
        >
          <View
            style={
              Array [
                Object {
                  "alignItems": "center",
                  "borderColor": "#fff",
                  "borderRadius": 30,
                  "borderWidth": 1,
                  "flexDirection": "row",
                  "height": 60,
                  "justifyContent": "center",
                  "width": 60,
                },
                false,
                false,
              ]
            }
          >
            <Text
              style={
                Array [
                  Object {
                    "backgroundColor": "transparent",
                    "color": "#000",
                    "fontSize": 28,
                    "fontWeight": "600",
                  },
                  Object {},
                  false,
                  false,
                ]
              }
            >
              13
            </Text>
          </View>
        </View>
      </View>
      <View
        style={
          Object {
            "alignItems": "center",
            "flexDirection": "column",
            "height": 100,
            "justifyContent": "flex-start",
            "width": 100,
          }
        }
      >
        <View
          accessible={true}
          isTVSelectable={true}
          onResponderGrant={[Function]}
          onResponderMove={[Function]}
          onResponderRelease={[Function]}
          onResponderTerminate={[Function]}
          onResponderTerminationRequest={[Function]}
          onStartShouldSetResponder={[Function]}
          style={
            Object {
              "opacity": 1,
            }
          }
        >
          <View
            style={
              Array [
                Object {
                  "alignItems": "center",
                  "borderColor": "#fff",
                  "borderRadius": 30,
                  "borderWidth": 1,
                  "flexDirection": "row",
                  "height": 60,
                  "justifyContent": "center",
                  "width": 60,
                },
                false,
                false,
              ]
            }
          >
            <Text
              style={
                Array [
                  Object {
                    "backgroundColor": "transparent",
                    "color": "#000",
                    "fontSize": 28,
                    "fontWeight": "600",
                  },
                  Object {},
                  false,
                  false,
                ]
              }
            >
              14
            </Text>
          </View>
        </View>
      </View>
      <View
        style={
          Object {
            "alignItems": "center",
            "flexDirection": "column",
            "height": 100,
            "justifyContent": "flex-start",
            "width": 100,
          }
        }
      >
        <View
          accessible={true}
          isTVSelectable={true}
          onResponderGrant={[Function]}
          onResponderMove={[Function]}
          onResponderRelease={[Function]}
          onResponderTerminate={[Function]}
          onResponderTerminationRequest={[Function]}
          onStartShouldSetResponder={[Function]}
          style={
            Object {
              "opacity": 1,
            }
          }
        >
          <View
            style={
              Array [
                Object {
                  "alignItems": "center",
                  "borderColor": "#fff",
                  "borderRadius": 30,
                  "borderWidth": 1,
                  "flexDirection": "row",
                  "height": 60,
                  "justifyContent": "center",
                  "width": 60,
                },
                false,
                false,
              ]
            }
          >
            <Text
              style={
                Array [
                  Object {
                    "backgroundColor": "transparent",
                    "color": "#000",
                    "fontSize": 28,
                    "fontWeight": "600",
                  },
                  Object {},
                  false,
                  false,
                ]
              }
            >
              15
            </Text>
          </View>
        </View>
      </View>
      <View
        style={
          Object {
            "alignItems": "center",
            "flexDirection": "column",
            "height": 100,
            "justifyContent": "flex-start",
            "width": 100,
          }
        }
      >
        <View
          accessible={true}
          isTVSelectable={true}
          onResponderGrant={[Function]}
          onResponderMove={[Function]}
          onResponderRelease={[Function]}
          onResponderTerminate={[Function]}
          onResponderTerminationRequest={[Function]}
          onStartShouldSetResponder={[Function]}
          style={
            Object {
              "opacity": 1,
            }
          }
        >
          <View
            style={
              Array [
                Object {
                  "alignItems": "center",
                  "borderColor": "#fff",
                  "borderRadius": 30,
                  "borderWidth": 1,
                  "flexDirection": "row",
                  "height": 60,
                  "justifyContent": "center",
                  "width": 60,
                },
                false,
                false,
              ]
            }
          >
            <Text
              style={
                Array [
                  Object {
                    "backgroundColor": "transparent",
                    "color": "#000",
                    "fontSize": 28,
                    "fontWeight": "600",
                  },
                  Object {
                    "color": "#666",
                  },
                  false,
                  false,
                ]
              }
            >
              16
            </Text>
          </View>
        </View>
      </View>
    </View>
    <View
      style={
        Object {
          "flexDirection": "row",
        }
      }
    >
      <View
        style={
          Object {
            "alignItems": "center",
            "flexDirection": "column",
            "height": 100,
            "justifyContent": "flex-start",
            "width": 100,
          }
        }
      >
        <View
          accessible={true}
          isTVSelectable={true}
          onResponderGrant={[Function]}
          onResponderMove={[Function]}
          onResponderRelease={[Function]}
          onResponderTerminate={[Function]}
          onResponderTerminationRequest={[Function]}
          onStartShouldSetResponder={[Function]}
          style={
            Object {
              "opacity": 1,
            }
          }
        >
          <View
            style={
              Array [
                Object {
                  "alignItems": "center",
                  "borderColor": "#fff",
                  "borderRadius": 30,
                  "borderWidth": 1,
                  "flexDirection": "row",
                  "height": 60,
                  "justifyContent": "center",
                  "width": 60,
                },
                false,
                false,
              ]
            }
          >
            <Text
              style={
                Array [
                  Object {
                    "backgroundColor": "transparent",
                    "color": "#000",
                    "fontSize": 28,
                    "fontWeight": "600",
                  },
                  Object {
                    "color": "#666",
                  },
                  false,
                  false,
                ]
              }
            >
              17
            </Text>
          </View>
        </View>
      </View>
      <View
        style={
          Object {
            "alignItems": "center",
            "flexDirection": "column",
            "height": 100,
            "justifyContent": "flex-start",
            "width": 100,
          }
        }
      >
        <View
          accessible={true}
          isTVSelectable={true}
          onResponderGrant={[Function]}
          onResponderMove={[Function]}
          onResponderRelease={[Function]}
          onResponderTerminate={[Function]}
          onResponderTerminationRequest={[Function]}
          onStartShouldSetResponder={[Function]}
          style={
            Object {
              "opacity": 1,
            }
          }
        >
          <View
            style={
              Array [
                Object {
                  "alignItems": "center",
                  "borderColor": "#fff",
                  "borderRadius": 30,
                  "borderWidth": 1,
                  "flexDirection": "row",
                  "height": 60,
                  "justifyContent": "center",
                  "width": 60,
                },
                false,
                false,
              ]
            }
          >
            <Text
              style={
                Array [
                  Object {
                    "backgroundColor": "transparent",
                    "color": "#000",
                    "fontSize": 28,
                    "fontWeight": "600",
                  },
                  Object {},
                  false,
                  false,
                ]
              }
            >
              18
            </Text>
          </View>
        </View>
      </View>
      <View
        style={
          Object {
            "alignItems": "center",
            "flexDirection": "column",
            "height": 100,
            "justifyContent": "flex-start",
            "width": 100,
          }
        }
      >
        <View
          accessible={true}
          isTVSelectable={true}
          onResponderGrant={[Function]}
          onResponderMove={[Function]}
          onResponderRelease={[Function]}
          onResponderTerminate={[Function]}
          onResponderTerminationRequest={[Function]}
          onStartShouldSetResponder={[Function]}
          style={
            Object {
              "opacity": 1,
            }
          }
        >
          <View
            style={
              Array [
                Object {
                  "alignItems": "center",
                  "borderColor": "#fff",
                  "borderRadius": 30,
                  "borderWidth": 1,
                  "flexDirection": "row",
                  "height": 60,
                  "justifyContent": "center",
                  "width": 60,
                },
                false,
                false,
              ]
            }
          >
            <Text
              style={
                Array [
                  Object {
                    "backgroundColor": "transparent",
                    "color": "#000",
                    "fontSize": 28,
                    "fontWeight": "600",
                  },
                  Object {},
                  false,
                  false,
                ]
              }
            >
              19
            </Text>
          </View>
        </View>
      </View>
      <View
        style={
          Object {
            "alignItems": "center",
            "flexDirection": "column",
            "height": 100,
            "justifyContent": "flex-start",
            "width": 100,
          }
        }
      >
        <View
          accessible={true}
          isTVSelectable={true}
          onResponderGrant={[Function]}
          onResponderMove={[Function]}
          onResponderRelease={[Function]}
          onResponderTerminate={[Function]}
          onResponderTerminationRequest={[Function]}
          onStartShouldSetResponder={[Function]}
          style={
            Object {
              "opacity": 1,
            }
          }
        >
          <View
            style={
              Array [
                Object {
                  "alignItems": "center",
                  "borderColor": "#fff",
                  "borderRadius": 30,
                  "borderWidth": 1,
                  "flexDirection": "row",
                  "height": 60,
                  "justifyContent": "center",
                  "width": 60,
                },
                false,
                false,
              ]
            }
          >
            <Text
              style={
                Array [
                  Object {
                    "backgroundColor": "transparent",
                    "color": "#000",
                    "fontSize": 28,
                    "fontWeight": "600",
                  },
                  Object {},
                  false,
                  false,
                ]
              }
            >
              20
            </Text>
          </View>
        </View>
      </View>
      <View
        style={
          Object {
            "alignItems": "center",
            "flexDirection": "column",
            "height": 100,
            "justifyContent": "flex-start",
            "width": 100,
          }
        }
      >
        <View
          accessible={true}
          isTVSelectable={true}
          onResponderGrant={[Function]}
          onResponderMove={[Function]}
          onResponderRelease={[Function]}
          onResponderTerminate={[Function]}
          onResponderTerminationRequest={[Function]}
          onStartShouldSetResponder={[Function]}
          style={
            Object {
              "opacity": 1,
            }
          }
        >
          <View
            style={
              Array [
                Object {
                  "alignItems": "center",
                  "borderColor": "#fff",
                  "borderRadius": 30,
                  "borderWidth": 1,
                  "flexDirection": "row",
                  "height": 60,
                  "justifyContent": "center",
                  "width": 60,
                },
                false,
                false,
              ]
            }
          >
            <Text
              style={
                Array [
                  Object {
                    "backgroundColor": "transparent",
                    "color": "#000",
                    "fontSize": 28,
                    "fontWeight": "600",
                  },
                  Object {},
                  false,
                  false,
                ]
              }
            >
              21
            </Text>
          </View>
        </View>
      </View>
      <View
        style={
          Object {
            "alignItems": "center",
            "flexDirection": "column",
            "height": 100,
            "justifyContent": "flex-start",
            "width": 100,
          }
        }
      >
        <View
          accessible={true}
          isTVSelectable={true}
          onResponderGrant={[Function]}
          onResponderMove={[Function]}
          onResponderRelease={[Function]}
          onResponderTerminate={[Function]}
          onResponderTerminationRequest={[Function]}
          onStartShouldSetResponder={[Function]}
          style={
            Object {
              "opacity": 1,
            }
          }
        >
          <View
            style={
              Array [
                Object {
                  "alignItems": "center",
                  "borderColor": "#fff",
                  "borderRadius": 30,
                  "borderWidth": 1,
                  "flexDirection": "row",
                  "height": 60,
                  "justifyContent": "center",
                  "width": 60,
                },
                false,
                false,
              ]
            }
          >
            <Text
              style={
                Array [
                  Object {
                    "backgroundColor": "transparent",
                    "color": "#000",
                    "fontSize": 28,
                    "fontWeight": "600",
                  },
                  Object {},
                  false,
                  false,
                ]
              }
            >
              22
            </Text>
          </View>
        </View>
      </View>
      <View
        style={
          Object {
            "alignItems": "center",
            "flexDirection": "column",
            "height": 100,
            "justifyContent": "flex-start",
            "width": 100,
          }
        }
      >
        <View
          accessible={true}
          isTVSelectable={true}
          onResponderGrant={[Function]}
          onResponderMove={[Function]}
          onResponderRelease={[Function]}
          onResponderTerminate={[Function]}
          onResponderTerminationRequest={[Function]}
          onStartShouldSetResponder={[Function]}
          style={
            Object {
              "opacity": 1,
            }
          }
        >
          <View
            style={
              Array [
                Object {
                  "alignItems": "center",
                  "borderColor": "#fff",
                  "borderRadius": 30,
                  "borderWidth": 1,
                  "flexDirection": "row",
                  "height": 60,
                  "justifyContent": "center",
                  "width": 60,
                },
                false,
                false,
              ]
            }
          >
            <Text
              style={
                Array [
                  Object {
                    "backgroundColor": "transparent",
                    "color": "#000",
                    "fontSize": 28,
                    "fontWeight": "600",
                  },
                  Object {
                    "color": "#666",
                  },
                  false,
                  false,
                ]
              }
            >
              23
            </Text>
          </View>
        </View>
      </View>
    </View>
    <View
      style={
        Object {
          "flexDirection": "row",
        }
      }
    >
      <View
        style={
          Object {
            "alignItems": "center",
            "flexDirection": "column",
            "height": 100,
            "justifyContent": "flex-start",
            "width": 100,
          }
        }
      >
        <View
          accessible={true}
          isTVSelectable={true}
          onResponderGrant={[Function]}
          onResponderMove={[Function]}
          onResponderRelease={[Function]}
          onResponderTerminate={[Function]}
          onResponderTerminationRequest={[Function]}
          onStartShouldSetResponder={[Function]}
          style={
            Object {
              "opacity": 1,
            }
          }
        >
          <View
            style={
              Array [
                Object {
                  "alignItems": "center",
                  "borderColor": "#fff",
                  "borderRadius": 30,
                  "borderWidth": 1,
                  "flexDirection": "row",
                  "height": 60,
                  "justifyContent": "center",
                  "width": 60,
                },
                false,
                false,
              ]
            }
          >
            <Text
              style={
                Array [
                  Object {
                    "backgroundColor": "transparent",
                    "color": "#000",
                    "fontSize": 28,
                    "fontWeight": "600",
                  },
                  Object {
                    "color": "#666",
                  },
                  false,
                  false,
                ]
              }
            >
              24
            </Text>
          </View>
        </View>
      </View>
      <View
        style={
          Object {
            "alignItems": "center",
            "flexDirection": "column",
            "height": 100,
            "justifyContent": "flex-start",
            "width": 100,
          }
        }
      >
        <View
          accessible={true}
          isTVSelectable={true}
          onResponderGrant={[Function]}
          onResponderMove={[Function]}
          onResponderRelease={[Function]}
          onResponderTerminate={[Function]}
          onResponderTerminationRequest={[Function]}
          onStartShouldSetResponder={[Function]}
          style={
            Object {
              "opacity": 1,
            }
          }
        >
          <View
            style={
              Array [
                Object {
                  "alignItems": "center",
                  "borderColor": "#fff",
                  "borderRadius": 30,
                  "borderWidth": 1,
                  "flexDirection": "row",
                  "height": 60,
                  "justifyContent": "center",
                  "width": 60,
                },
                false,
                false,
              ]
            }
          >
            <Text
              style={
                Array [
                  Object {
                    "backgroundColor": "transparent",
                    "color": "#000",
                    "fontSize": 28,
                    "fontWeight": "600",
                  },
                  Object {},
                  false,
                  false,
                ]
              }
            >
              25
            </Text>
          </View>
        </View>
      </View>
      <View
        style={
          Object {
            "alignItems": "center",
            "flexDirection": "column",
            "height": 100,
            "justifyContent": "flex-start",
            "width": 100,
          }
        }
      >
        <View
          accessible={true}
          isTVSelectable={true}
          onResponderGrant={[Function]}
          onResponderMove={[Function]}
          onResponderRelease={[Function]}
          onResponderTerminate={[Function]}
          onResponderTerminationRequest={[Function]}
          onStartShouldSetResponder={[Function]}
          style={
            Object {
              "opacity": 1,
            }
          }
        >
          <View
            style={
              Array [
                Object {
                  "alignItems": "center",
                  "borderColor": "#fff",
                  "borderRadius": 30,
                  "borderWidth": 1,
                  "flexDirection": "row",
                  "height": 60,
                  "justifyContent": "center",
                  "width": 60,
                },
                false,
                false,
              ]
            }
          >
            <Text
              style={
                Array [
                  Object {
                    "backgroundColor": "transparent",
                    "color": "#000",
                    "fontSize": 28,
                    "fontWeight": "600",
                  },
                  Object {},
                  false,
                  false,
                ]
              }
            >
              26
            </Text>
          </View>
        </View>
      </View>
      <View
        style={
          Object {
            "alignItems": "center",
            "flexDirection": "column",
            "height": 100,
            "justifyContent": "flex-start",
            "width": 100,
          }
        }
      >
        <View
          accessible={true}
          isTVSelectable={true}
          onResponderGrant={[Function]}
          onResponderMove={[Function]}
          onResponderRelease={[Function]}
          onResponderTerminate={[Function]}
          onResponderTerminationRequest={[Function]}
          onStartShouldSetResponder={[Function]}
          style={
            Object {
              "opacity": 1,
            }
          }
        >
          <View
            style={
              Array [
                Object {
                  "alignItems": "center",
                  "borderColor": "#fff",
                  "borderRadius": 30,
                  "borderWidth": 1,
                  "flexDirection": "row",
                  "height": 60,
                  "justifyContent": "center",
                  "width": 60,
                },
                false,
                Object {
                  "backgroundColor": "#1188e9",
                  "borderColor": "#1188e9",
                },
              ]
            }
          >
            <Text
              style={
                Array [
                  Object {
                    "backgroundColor": "transparent",
                    "color": "#000",
                    "fontSize": 28,
                    "fontWeight": "600",
                  },
                  Object {},
                  false,
                  Object {
                    "color": "#fff",
                  },
                ]
              }
            >
              27
            </Text>
          </View>
        </View>
      </View>
      <View
        style={
          Object {
            "alignItems": "center",
            "flexDirection": "column",
            "height": 100,
            "justifyContent": "flex-start",
            "width": 100,
          }
        }
      >
        <View
          accessible={true}
          isTVSelectable={true}
          onResponderGrant={[Function]}
          onResponderMove={[Function]}
          onResponderRelease={[Function]}
          onResponderTerminate={[Function]}
          onResponderTerminationRequest={[Function]}
          onStartShouldSetResponder={[Function]}
          style={
            Object {
              "opacity": 1,
            }
          }
        >
          <View
            style={
              Array [
                Object {
                  "alignItems": "center",
                  "borderColor": "#fff",
                  "borderRadius": 30,
                  "borderWidth": 1,
                  "flexDirection": "row",
                  "height": 60,
                  "justifyContent": "center",
                  "width": 60,
                },
                false,
                false,
              ]
            }
          >
            <Text
              style={
                Array [
                  Object {
                    "backgroundColor": "transparent",
                    "color": "#000",
                    "fontSize": 28,
                    "fontWeight": "600",
                  },
                  Object {},
                  false,
                  false,
                ]
              }
            >
              28
            </Text>
          </View>
        </View>
      </View>
      <View
        style={
          Object {
            "alignItems": "center",
            "flexDirection": "column",
            "height": 100,
            "justifyContent": "flex-start",
            "width": 100,
          }
        }
      >
        <View
          accessible={true}
          isTVSelectable={true}
          onResponderGrant={[Function]}
          onResponderMove={[Function]}
          onResponderRelease={[Function]}
          onResponderTerminate={[Function]}
          onResponderTerminationRequest={[Function]}
          onStartShouldSetResponder={[Function]}
          style={
            Object {
              "opacity": 1,
            }
          }
        >
          <View
            style={
              Array [
                Object {
                  "alignItems": "center",
                  "borderColor": "#fff",
                  "borderRadius": 30,
                  "borderWidth": 1,
                  "flexDirection": "row",
                  "height": 60,
                  "justifyContent": "center",
                  "width": 60,
                },
                false,
                false,
              ]
            }
          >
            <Text
              style={
                Array [
                  Object {
                    "backgroundColor": "transparent",
                    "color": "#000",
                    "fontSize": 28,
                    "fontWeight": "600",
                  },
                  Object {},
                  false,
                  false,
                ]
              }
            >
              29
            </Text>
          </View>
        </View>
      </View>
      <View
        style={
          Object {
            "alignItems": "center",
            "flexDirection": "column",
            "height": 100,
            "justifyContent": "flex-start",
            "width": 100,
          }
        }
      >
        <View
          accessible={true}
          isTVSelectable={true}
          onResponderGrant={[Function]}
          onResponderMove={[Function]}
          onResponderRelease={[Function]}
          onResponderTerminate={[Function]}
          onResponderTerminationRequest={[Function]}
          onStartShouldSetResponder={[Function]}
          style={
            Object {
              "opacity": 1,
            }
          }
        >
          <View
            style={
              Array [
                Object {
                  "alignItems": "center",
                  "borderColor": "#fff",
                  "borderRadius": 30,
                  "borderWidth": 1,
                  "flexDirection": "row",
                  "height": 60,
                  "justifyContent": "center",
                  "width": 60,
                },
                false,
                false,
              ]
            }
          >
            <Text
              style={
                Array [
                  Object {
                    "backgroundColor": "transparent",
                    "color": "#000",
                    "fontSize": 28,
                    "fontWeight": "600",
                  },
                  Object {
                    "color": "#666",
                  },
                  false,
                  false,
                ]
              }
            >
              30
            </Text>
          </View>
        </View>
      </View>
    </View>
    <View
      style={
        Object {
          "flexDirection": "row",
        }
      }
    >
      <View
        style={
          Object {
            "alignItems": "center",
            "flexDirection": "column",
            "height": 100,
            "justifyContent": "flex-start",
            "width": 100,
          }
        }
      >
        <View
          accessible={true}
          isTVSelectable={true}
          onResponderGrant={[Function]}
          onResponderMove={[Function]}
          onResponderRelease={[Function]}
          onResponderTerminate={[Function]}
          onResponderTerminationRequest={[Function]}
          onStartShouldSetResponder={[Function]}
          style={
            Object {
              "opacity": 1,
            }
          }
        >
          <View
            style={
              Array [
                Object {
                  "alignItems": "center",
                  "borderColor": "#fff",
                  "borderRadius": 30,
                  "borderWidth": 1,
                  "flexDirection": "row",
                  "height": 60,
                  "justifyContent": "center",
                  "width": 60,
                },
                false,
                false,
              ]
            }
          >
            <Text
              style={
                Array [
                  Object {
                    "backgroundColor": "transparent",
                    "color": "#000",
                    "fontSize": 28,
                    "fontWeight": "600",
                  },
                  Object {
                    "color": "#666",
                  },
                  false,
                  false,
                ]
              }
            >
              31
            </Text>
          </View>
        </View>
      </View>
      <View
        style={
          Object {
            "alignItems": "center",
            "flexDirection": "column",
            "height": 100,
            "justifyContent": "flex-start",
            "width": 100,
          }
        }
      >
        <View
          accessible={true}
          isTVSelectable={true}
          onResponderGrant={[Function]}
          onResponderMove={[Function]}
          onResponderRelease={[Function]}
          onResponderTerminate={[Function]}
          onResponderTerminationRequest={[Function]}
          onStartShouldSetResponder={[Function]}
          style={
            Object {
              "opacity": 1,
            }
          }
        >
          <View
            style={
              Array [
                Object {
                  "alignItems": "center",
                  "borderColor": "#fff",
                  "borderRadius": 30,
                  "borderWidth": 1,
                  "flexDirection": "row",
                  "height": 60,
                  "justifyContent": "center",
                  "width": 60,
                },
                false,
                false,
              ]
            }
          >
            <Text
              style={
                Array [
                  Object {
                    "backgroundColor": "transparent",
                    "color": "#000",
                    "fontSize": 28,
                    "fontWeight": "600",
                  },
                  Object {
                    "color": "#666",
                  },
                  false,
                  false,
                ]
              }
            >
              1
            </Text>
          </View>
        </View>
      </View>
      <View
        style={
          Object {
            "alignItems": "center",
            "flexDirection": "column",
            "height": 100,
            "justifyContent": "flex-start",
            "width": 100,
          }
        }
      >
        <View
          accessible={true}
          isTVSelectable={true}
          onResponderGrant={[Function]}
          onResponderMove={[Function]}
          onResponderRelease={[Function]}
          onResponderTerminate={[Function]}
          onResponderTerminationRequest={[Function]}
          onStartShouldSetResponder={[Function]}
          style={
            Object {
              "opacity": 1,
            }
          }
        >
          <View
            style={
              Array [
                Object {
                  "alignItems": "center",
                  "borderColor": "#fff",
                  "borderRadius": 30,
                  "borderWidth": 1,
                  "flexDirection": "row",
                  "height": 60,
                  "justifyContent": "center",
                  "width": 60,
                },
                false,
                false,
              ]
            }
          >
            <Text
              style={
                Array [
                  Object {
                    "backgroundColor": "transparent",
                    "color": "#000",
                    "fontSize": 28,
                    "fontWeight": "600",
                  },
                  Object {
                    "color": "#666",
                  },
                  false,
                  false,
                ]
              }
            >
              2
            </Text>
          </View>
        </View>
      </View>
      <View
        style={
          Object {
            "alignItems": "center",
            "flexDirection": "column",
            "height": 100,
            "justifyContent": "flex-start",
            "width": 100,
          }
        }
      >
        <View
          accessible={true}
          isTVSelectable={true}
          onResponderGrant={[Function]}
          onResponderMove={[Function]}
          onResponderRelease={[Function]}
          onResponderTerminate={[Function]}
          onResponderTerminationRequest={[Function]}
          onStartShouldSetResponder={[Function]}
          style={
            Object {
              "opacity": 1,
            }
          }
        >
          <View
            style={
              Array [
                Object {
                  "alignItems": "center",
                  "borderColor": "#fff",
                  "borderRadius": 30,
                  "borderWidth": 1,
                  "flexDirection": "row",
                  "height": 60,
                  "justifyContent": "center",
                  "width": 60,
                },
                false,
                false,
              ]
            }
          >
            <Text
              style={
                Array [
                  Object {
                    "backgroundColor": "transparent",
                    "color": "#000",
                    "fontSize": 28,
                    "fontWeight": "600",
                  },
                  Object {
                    "color": "#666",
                  },
                  false,
                  false,
                ]
              }
            >
              3
            </Text>
          </View>
        </View>
      </View>
      <View
        style={
          Object {
            "alignItems": "center",
            "flexDirection": "column",
            "height": 100,
            "justifyContent": "flex-start",
            "width": 100,
          }
        }
      >
        <View
          accessible={true}
          isTVSelectable={true}
          onResponderGrant={[Function]}
          onResponderMove={[Function]}
          onResponderRelease={[Function]}
          onResponderTerminate={[Function]}
          onResponderTerminationRequest={[Function]}
          onStartShouldSetResponder={[Function]}
          style={
            Object {
              "opacity": 1,
            }
          }
        >
          <View
            style={
              Array [
                Object {
                  "alignItems": "center",
                  "borderColor": "#fff",
                  "borderRadius": 30,
                  "borderWidth": 1,
                  "flexDirection": "row",
                  "height": 60,
                  "justifyContent": "center",
                  "width": 60,
                },
                false,
                false,
              ]
            }
          >
            <Text
              style={
                Array [
                  Object {
                    "backgroundColor": "transparent",
                    "color": "#000",
                    "fontSize": 28,
                    "fontWeight": "600",
                  },
                  Object {
                    "color": "#666",
                  },
                  false,
                  false,
                ]
              }
            >
              4
            </Text>
          </View>
        </View>
      </View>
      <View
        style={
          Object {
            "alignItems": "center",
            "flexDirection": "column",
            "height": 100,
            "justifyContent": "flex-start",
            "width": 100,
          }
        }
      >
        <View
          accessible={true}
          isTVSelectable={true}
          onResponderGrant={[Function]}
          onResponderMove={[Function]}
          onResponderRelease={[Function]}
          onResponderTerminate={[Function]}
          onResponderTerminationRequest={[Function]}
          onStartShouldSetResponder={[Function]}
          style={
            Object {
              "opacity": 1,
            }
          }
        >
          <View
            style={
              Array [
                Object {
                  "alignItems": "center",
                  "borderColor": "#fff",
                  "borderRadius": 30,
                  "borderWidth": 1,
                  "flexDirection": "row",
                  "height": 60,
                  "justifyContent": "center",
                  "width": 60,
                },
                false,
                false,
              ]
            }
          >
            <Text
              style={
                Array [
                  Object {
                    "backgroundColor": "transparent",
                    "color": "#000",
                    "fontSize": 28,
                    "fontWeight": "600",
                  },
                  Object {
                    "color": "#666",
                  },
                  false,
                  false,
                ]
              }
            >
              5
            </Text>
          </View>
        </View>
      </View>
      <View
        style={
          Object {
            "alignItems": "center",
            "flexDirection": "column",
            "height": 100,
            "justifyContent": "flex-start",
            "width": 100,
          }
        }
      >
        <View
          accessible={true}
          isTVSelectable={true}
          onResponderGrant={[Function]}
          onResponderMove={[Function]}
          onResponderRelease={[Function]}
          onResponderTerminate={[Function]}
          onResponderTerminationRequest={[Function]}
          onStartShouldSetResponder={[Function]}
          style={
            Object {
              "opacity": 1,
            }
          }
        >
          <View
            style={
              Array [
                Object {
                  "alignItems": "center",
                  "borderColor": "#fff",
                  "borderRadius": 30,
                  "borderWidth": 1,
                  "flexDirection": "row",
                  "height": 60,
                  "justifyContent": "center",
                  "width": 60,
                },
                false,
                false,
              ]
            }
          >
            <Text
              style={
                Array [
                  Object {
                    "backgroundColor": "transparent",
                    "color": "#000",
                    "fontSize": 28,
                    "fontWeight": "600",
                  },
                  Object {
                    "color": "#666",
                  },
                  false,
                  false,
                ]
              }
            >
              6
            </Text>
          </View>
        </View>
      </View>
    </View>
  </View>
</View>
`;
